// Jest Snapshot v1, https://goo.gl/fbAQLP

exports[`renders link html 1`] = `
<div>
  <h1
    style={
      Object {
        "color": "#3b425d",
        "fontSize": "24px",
        "fontStretch": "normal",
        "fontStyle": "normal",
        "fontWeight": "normal",
        "height": "24px",
        "letterSpacing": "normal",
        "lineHeight": "normal",
        "textAlign": "left",
      }
    }
  >
    Sign it to Gyvit
  </h1>
  <p
    style={
      Object {
        "color": "#9da5c9",
        "fontSize": "18px",
        "fontStretch": "normal",
        "fontStyle": "normal",
        "fontWeight": "normal",
        "height": "18px",
        "letterSpacing": "normal",
        "lineHeight": "normal",
        "marginTop": "15px",
        "textAlign": "left",
        "width": "200px",
      }
    }
  >
    Enter your details below
     
  </p>
</div>
`;
