// Jest Snapshot v1, https://goo.gl/fbAQLP

exports[`renders link html 1`] = `
<div
  style={
    Object {
      "padding-top": "40%",
    }
  }
>
  <p
    style={
      Object {
        "color": "#3b425d",
        "font-size": "24px",
        "font-stretch": "normal",
        "font-style": "normal",
        "font-weight": "normal",
        "height": "24px",
        "letter-spacing": "normal",
        "line-height": "normal",
        "text-align": "left",
      }
    }
  >
    Forgot your password ?
  </p>
  <p
    style={
      Object {
        "color": "#9da5c9",
        "font-size": "18px",
        "font-stretch": "normal",
        "font-style": "normal",
        "font-weight": "normal",
        "letter-spacing": "normal",
        "line-height": "normal",
        "margin-top": "15px",
        "text-align": "left",
      }
    }
  >
    Enter your email address below and we'll get you back on track.
     
  </p>
</div>
`;
