// Jest Snapshot v1, https://goo.gl/fbAQLP

exports[`renders link html 1`] = `
<div>
  <p
    className="my-auto d-flex align-items-center"
    style={
      Object {
        "backgroundColor": "#181048",
        "color": "white",
        "fontWeight": "bold",
        "height": "90px",
      }
    }
  >
     
    GYVIT
     
  </p>
  <ul
    className="nav flex-column"
    expand="md"
    light={true}
    style={
      Object {
        "backgroundColor": "#231b56",
        "color": "white",
        "height": "1024px",
      }
    }
  >
    <li
      className="nav-item"
    >
      <div>
        <a
          className="nav-link"
          href="#"
          onClick={[Function]}
          style={
            Object {
              "color": "white",
              "opacity": 0.5,
            }
          }
        >
          <img
            alt=""
            src="/img/house_38533.ico"
            style={
              Object {
                "opacity": 0.8,
                "paddingRight": 10,
              }
            }
          />
          Home
        </a>
        <hr />
      </div>
      <div>
        <a
          className="nav-link"
          href="#"
          onClick={[Function]}
          style={
            Object {
              "color": "white",
              "opacity": 0.5,
            }
          }
        >
          <img
            alt=""
            src="/img/files.ico"
            style={
              Object {
                "opacity": 0.8,
                "paddingRight": 10,
              }
            }
          />
          Files
        </a>
        <hr />
      </div>
      <div>
        <a
          className="nav-link"
          href="#"
          onClick={[Function]}
          style={
            Object {
              "color": "white",
              "opacity": 0.5,
            }
          }
        >
          <img
            alt=""
            src="/img/share.ico"
            style={
              Object {
                "opacity": 0.8,
                "paddingRight": 10,
              }
            }
          />
          Shares
        </a>
        <hr />
      </div>
      <div>
        <a
          className="nav-link"
          href="#"
          onClick={[Function]}
          style={
            Object {
              "color": "white",
              "opacity": 0.5,
            }
          }
        >
          <img
            alt=""
            src="/img/templates.ico"
            style={
              Object {
                "opacity": 0.8,
                "paddingRight": 10,
              }
            }
          />
          Templates
        </a>
        <hr />
      </div>
      <div>
        <a
          className="nav-link"
          href="#"
          onClick={[Function]}
          style={
            Object {
              "color": "white",
              "opacity": 0.5,
            }
          }
        >
          <img
            alt=""
            src="/img/request.ico"
            style={
              Object {
                "opacity": 0.8,
                "paddingRight": 10,
              }
            }
          />
          Requests
        </a>
        <hr />
      </div>
      <div>
        <a
          className="nav-link"
          href="#"
          onClick={[Function]}
          style={
            Object {
              "color": "white",
              "opacity": 0.5,
            }
          }
        >
          <img
            alt=""
            src="/img/links.ico"
            style={
              Object {
                "opacity": 0.8,
                "paddingRight": 10,
              }
            }
          />
          Public links
        </a>
        <hr />
      </div>
      <div>
        <a
          className="nav-link"
          href="#"
          onClick={[Function]}
          style={
            Object {
              "color": "white",
              "opacity": 0.5,
            }
          }
        >
          <img
            alt=""
            src="/img/contact.ico"
            style={
              Object {
                "opacity": 0.8,
                "paddingRight": 10,
              }
            }
          />
          Contacts
        </a>
        <hr />
      </div>
      <div>
        <a
          className="nav-link"
          href="#"
          onClick={[Function]}
          style={
            Object {
              "color": "white",
              "opacity": 0.5,
            }
          }
        >
          <img
            alt=""
            src="/img/settings.ico"
            style={
              Object {
                "opacity": 0.8,
                "paddingRight": 10,
              }
            }
          />
          Settings
        </a>
        <hr />
      </div>
    </li>
  </ul>
</div>
`;
