// Jest Snapshot v1, https://goo.gl/fbAQLP

exports[`renders Navbarleftlink html 1`] = `
<div>
  <ul
    className="nav flex-column"
  >
    <li
      className="nav-item"
    >
      <a
        className="nav-link"
        href="#"
        onClick={[Function]}
      >
        Link
      </a>
    </li>
  </ul>
  <hr />
</div>
`;
