// Jest Snapshot v1, https://goo.gl/fbAQLP

exports[`renders correctly 1`] = `
<p
  className="my-auto d-flex align-items-center"
  style={
    Object {
      "backgroundColor": "#181048",
      "color": "white",
      "fontWeight": "bold",
      "height": "90px",
    }
  }
>
   
  GYVIT
   
</p>
`;
