// Jest Snapshot v1, https://goo.gl/fbAQLP

exports[`renders link html 1`] = `
<div>
  <h1
    style={
      Object {
        "color": "#3b425d",
        "font-size": "24px",
        "font-stretch": "normal",
        "font-style": "normal",
        "font-weight": "normal",
        "height": "24px",
        "letter-spacing": "normal",
        "line-height": "normal",
        "text-align": "left",
      }
    }
  >
    Sign it to Gyvit
  </h1>
  <p
    style={
      Object {
        "color": "#9da5c9",
        "font-size": "18px",
        "font-stretch": "normal",
        "font-style": "normal",
        "font-weight": "normal",
        "height": "18px",
        "letter-spacing": "normal",
        "line-height": "normal",
        "margin-top": "15px",
        "text-align": "left",
        "width": "200px",
      }
    }
  >
    Enter your details below
     
  </p>
</div>
`;
