// Jest Snapshot v1, https://goo.gl/fbAQLP

exports[`renders link html 1`] = `
<div
  style={
    Object {
      "paddingTop": "40%",
    }
  }
>
  <p
    style={
      Object {
        "color": "#3b425d",
        "fontSize": "24px",
        "fontStretch": "normal",
        "fontStyle": "normal",
        "fontWeight": "normal",
        "height": "24px",
        "letterSpacing": "normal",
        "lineHeight": "normal",
        "textAlign": "left",
      }
    }
  >
    Forgot your password ?
  </p>
  <p
    style={
      Object {
        "color": "#9da5c9",
        "fontSize": "18px",
        "fontStretch": "normal",
        "fontStyle": "normal",
        "fontWeight": "normal",
        "letterSpacing": "normal",
        "lineHeight": "normal",
        "marginTop": "15px",
        "textAlign": "left",
      }
    }
  >
    Enter your email address below and we'll get you back on track.
     
  </p>
</div>
`;
