// Jest Snapshot v1, https://goo.gl/fbAQLP

exports[`renders link html 1`] = `
<div>
  <div
    className="container"
  >
    <div
      className="row"
    >
      <ul
        className="nav flex-column"
        expand="md"
        style={
          Object {
            "backgroundColor": "#231b56",
            "color": "white",
            "height": "1024px",
            "width": "220px",
          }
        }
      >
        <p
          className="d-flex align-items-center"
          style={
            Object {
              "backgroundColor": "#181048",
              "color": "white",
              "fontSize": "20px",
              "fontWeight": "bold",
              "height": "90px",
              "margin-bottom": "0px",
              "textAlign": "center",
            }
          }
        >
          <div
            className="col"
          >
            GYVIT 
          </div>
        </p>
        <li
          className="text-center nav-item"
        >
          <div>
            <div
              className="container"
            >
              <div
                className="row"
              >
                <a
                  className="nav-link"
                  href="#"
                  onClick={[Function]}
                  style={
                    Object {
                      "color": "white",
                      "opacity": 0.5,
                    }
                  }
                >
                  <img
                    alt=""
                    src="/img/icon_home.png"
                    style={
                      Object {
                        "opacity": 0.8,
                        "paddingRight": 10,
                        "text": "center",
                      }
                    }
                  />
                  Home
                </a>
              </div>
            </div>
            <hr />
          </div>
          <div>
            <div
              className="container"
            >
              <div
                className="row"
              >
                <a
                  className="nav-link"
                  href="#"
                  onClick={[Function]}
                  style={
                    Object {
                      "color": "white",
                      "opacity": 0.5,
                    }
                  }
                >
                  <img
                    alt=""
                    src="/img/icon_files.png"
                    style={
                      Object {
                        "opacity": 0.8,
                        "paddingRight": 10,
                        "text": "center",
                      }
                    }
                  />
                  Files
                </a>
              </div>
            </div>
            <hr />
          </div>
          <div>
            <div
              className="container"
            >
              <div
                className="row"
              >
                <a
                  className="nav-link"
                  href="#"
                  onClick={[Function]}
                  style={
                    Object {
                      "color": "white",
                      "opacity": 0.5,
                    }
                  }
                >
                  <img
                    alt=""
                    src="/img/icon_shares.png"
                    style={
                      Object {
                        "opacity": 0.8,
                        "paddingRight": 10,
                        "text": "center",
                      }
                    }
                  />
                  Shares
                </a>
              </div>
            </div>
            <hr />
          </div>
          <div>
            <div
              className="container"
            >
              <div
                className="row"
              >
                <a
                  className="nav-link"
                  href="#"
                  onClick={[Function]}
                  style={
                    Object {
                      "color": "white",
                      "opacity": 0.5,
                    }
                  }
                >
                  <img
                    alt=""
                    src="/img/icon_templates.png"
                    style={
                      Object {
                        "opacity": 0.8,
                        "paddingRight": 10,
                        "text": "center",
                      }
                    }
                  />
                  Templates
                </a>
              </div>
            </div>
            <hr />
          </div>
          <div>
            <div
              className="container"
            >
              <div
                className="row"
              >
                <a
                  className="nav-link"
                  href="#"
                  onClick={[Function]}
                  style={
                    Object {
                      "color": "white",
                      "opacity": 0.5,
                    }
                  }
                >
                  <img
                    alt=""
                    src="/img/icon_requests.png"
                    style={
                      Object {
                        "opacity": 0.8,
                        "paddingRight": 10,
                        "text": "center",
                      }
                    }
                  />
                  Requests
                </a>
              </div>
            </div>
            <hr />
          </div>
          <div>
            <div
              className="container"
            >
              <div
                className="row"
              >
                <a
                  className="nav-link"
                  href="#"
                  onClick={[Function]}
                  style={
                    Object {
                      "color": "white",
                      "opacity": 0.5,
                    }
                  }
                >
                  <img
                    alt=""
                    src="/img/icon_shares.png"
                    style={
                      Object {
                        "opacity": 0.8,
                        "paddingRight": 10,
                        "text": "center",
                      }
                    }
                  />
                  Public links
                </a>
              </div>
            </div>
            <hr />
          </div>
          <div>
            <div
              className="container"
            >
              <div
                className="row"
              >
                <a
                  className="nav-link"
                  href="#"
                  onClick={[Function]}
                  style={
                    Object {
                      "color": "white",
                      "opacity": 0.5,
                    }
                  }
                >
                  <img
                    alt=""
                    src="/img/icon_contacts.png"
                    style={
                      Object {
                        "opacity": 0.8,
                        "paddingRight": 10,
                        "text": "center",
                      }
                    }
                  />
                  Contacts
                </a>
              </div>
            </div>
            <hr />
          </div>
          <div>
            <div
              className="container"
            >
              <div
                className="row"
              >
                <a
                  className="nav-link"
                  href="#"
                  onClick={[Function]}
                  style={
                    Object {
                      "color": "white",
                      "opacity": 0.5,
                    }
                  }
                >
                  <img
                    alt=""
                    src="/img/icon_settings.png"
                    style={
                      Object {
                        "opacity": 0.8,
                        "paddingRight": 10,
                        "text": "center",
                      }
                    }
                  />
                  Settings
                </a>
              </div>
            </div>
            <hr />
          </div>
        </li>
      </ul>
    </div>
  </div>
</div>
`;
