// Jest Snapshot v1, https://goo.gl/fbAQLP

exports[`renders correctly 1`] = `
<a
  className="navbar-brand"
  href="/"
  style={
    Object {
      "backgroundColor": "#181048",
      "color": "white",
      "fontWeight": "bold",
      "height": "90px",
      "textAlign": "center",
      "width": "220px",
    }
  }
>
  <p>
    GYVIT
  </p>
</a>
`;
