// Jest Snapshot v1, https://goo.gl/fbAQLP

exports[`renders link html 1`] = `
<div
  style={
    Object {
      "color": "#181048",
      "fontFamily": "DepotNew",
      "fontSize": "14px",
      "fontStretch": "normal",
      "fontStyle": "normal",
      "fontWeight": "normal",
      "height": "10%",
      "letterSpacing": "normal",
      "lineHeight": "normal",
      "textAlign": "left",
      "width": "60%",
    }
  }
>
  Kevin
  <img
    alt="upDown"
    src="Assets/icon_double_arrow.png"
  />
</div>
`;
