// Jest Snapshot v1, https://goo.gl/fbAQLP

exports[`renders link html 1`] = `
<div>
  <table
    className="table table-borderless table-striped"
  >
    <thead>
      <tr>
        <th>
          <div
            style={
              Object {
                "color": "#181048",
                "fontFamily": "DepotNew",
                "fontSize": "14px",
                "fontStretch": "normal",
                "fontStyle": "normal",
                "fontWeight": "normal",
                "height": "10%",
                "letterSpacing": "normal",
                "lineHeight": "normal",
                "textAlign": "left",
                "width": "60%",
              }
            }
          >
            Name
            <img
              alt="upDown"
              src="Assets/icon_double_arrow.png"
            />
          </div>
        </th>
        <th>
          <div
            style={
              Object {
                "color": "#181048",
                "fontFamily": "DepotNew",
                "fontSize": "14px",
                "fontStretch": "normal",
                "fontStyle": "normal",
                "fontWeight": "normal",
                "height": "10%",
                "letterSpacing": "normal",
                "lineHeight": "normal",
                "textAlign": "left",
                "width": "60%",
              }
            }
          >
            Last update
            <img
              alt="upDown"
              src="Assets/icon_double_arrow.png"
            />
          </div>
        </th>
        <th>
          <div
            style={
              Object {
                "color": "#181048",
                "fontFamily": "DepotNew",
                "fontSize": "14px",
                "fontStretch": "normal",
                "fontStyle": "normal",
                "fontWeight": "normal",
                "height": "10%",
                "letterSpacing": "normal",
                "lineHeight": "normal",
                "textAlign": "left",
                "width": "60%",
              }
            }
          >
            Users
            <img
              alt="down"
              src="Assets/icon_arrow_down.png"
            />
          </div>
        </th>
        <th />
      </tr>
    </thead>
    <tbody />
  </table>
</div>
`;
