// Jest Snapshot v1, https://goo.gl/fbAQLP

exports[`renders correctly 1`] = `
<div>
  <div
    className="media"
  >
    <div
      className="media"
      href="#"
    >
      <img
        alt="kevin"
        className="pic-profile rounded-circle media-object"
        src="img/kevinMarlot.jpeg"
      />
    </div>
    <div
      className="media-body"
    >
      <h4
        className="id-profile media-heading"
      >
        <span>
          kevin
        </span>
         
        <span>
          Marlot
        </span>
      </h4>
      <div
        className="business-profile media"
      >
        Meduza
      </div>
    </div>
  </div>
</div>
`;
