// Jest Snapshot v1, https://goo.gl/fbAQLP

exports[`renders correctly 1`] = `
<div
  className="container"
>
  <div
    className="row"
    style={
      Object {
        "backgroundColor": "#ffffff",
        "border": "solid 1px #E5E8F4",
        "height": "90px",
      }
    }
  >
    <div
      className="col-7"
    >
      <div>
        <div
          className="form-group"
        >
          <span
            className="fa fa-search"
          />
          <input
            className="form-control"
            id="exampleSearch"
            name="search"
            onChange={undefined}
            placeholder="Search..."
            style={
              Object {
                "backgroundColor": "#fbfcfd",
                "border": "none",
                "borderRadius": "2px",
                "height": "46px",
                "marginLeft": "6px",
                "marginTop": "22px",
              }
            }
            type="search"
            value={undefined}
          />
        </div>
      </div>
    </div>
    <div>
      <img
        alt="iconNotif"
        src="img/icon_notification.png"
        style={
          Object {
            "marginTop": "37px",
          }
        }
      />
      <span
        className="badge badge-secondary badge-pill"
        style={
          Object {
            "backgroundColor": "#ff007e",
            "height": "20px",
            "marginTop": "-50px",
            "width": "auto",
          }
        }
      >
        8
      </span>
    </div>
    <div
      className="col-3"
    >
      <div>
        <div
          className="media"
        >
          <div
            className="media"
            href="#"
          >
            <img
              alt="Pierre"
              className="rounded-circle media-object"
              src="img/kevinMarlot.jpeg"
              style={
                Object {
                  "height": "40px",
                  "marginTop": "25px",
                  "width": "40px",
                }
              }
            />
          </div>
          <div
            className="media-body"
          >
            <h4
              className="media-heading"
              style={
                Object {
                  "color": "#231b56",
                  "fontSize": "16px",
                  "marginLeft": "21px",
                  "marginTop": "28px",
                }
              }
            >
              <span>
                Pierre
              </span>
               
              <span>
                Dumay
              </span>
            </h4>
            <div
              className="media"
              style={
                Object {
                  "color": "#372c78",
                  "fontSize": "14px",
                  "marginLeft": "21px",
                  "marginTop": "5px",
                }
              }
            >
              Wild Code School
            </div>
          </div>
        </div>
      </div>
    </div>
  </div>
</div>
`;
